16:35:40 **** Incremental Build of configuration Debug for project Practica2 ****
make -j8 all 
arm-none-eabi-size   Practica2.elf 
   text	   data	    bss	    dec	    hex	filename
   7188	     36	   1692	   8916	   22d4	Practica2.elf
Finished building: default.size.stdout
 
16:36:00 **** Incremental Build of configuration Debug for project Practica2 ****
make -j8 all 
arm-none-eabi-size   Practica2.elf 
   text	   data	    bss	    dec	    hex	filename
   7188	     36	   1692	   8916	   22d4	Practica2.elf
Finished building: default.size.stdout
 
