23:26:47 **** Incremental Build of configuration Debug for project Practica1 ****
make -j8 all 
arm-none-eabi-size   Practica1.elf 
   text	   data	    bss	    dec	    hex	filename
   6372	     32	   1672	   8076	   1f8c	Practica1.elf
Finished building: default.size.stdout
 
23:26:50 **** Incremental Build of configuration Debug for project Practica1 ****
make -j8 all 
arm-none-eabi-size   Practica1.elf 
   text	   data	    bss	    dec	    hex	filename
   6372	     32	   1672	   8076	   1f8c	Practica1.elf
Finished building: default.size.stdout
 
23:27:11 **** Incremental Build of configuration Debug for project Practica1 ****
make -j8 all 
arm-none-eabi-size   Practica1.elf 
   text	   data	    bss	    dec	    hex	filename
   6372	     32	   1672	   8076	   1f8c	Practica1.elf
Finished building: default.size.stdout
 
